]0;~/Box Sync/AC_homes/dataprepR[?1034hMicheles-MacBook-Pro:dataprepR micheleclaibourn$ [KMicheles-MacBook-Pro:dataprepR micheleclaibourn$ pwd
/Users/micheleclaibourn/Box Sync/AC_homes/dataprepR
]0;~/Box Sync/AC_homes/dataprepRMicheles-MacBook-Pro:dataprepR micheleclaibourn$ cd ../../
]0;~/Box SyncMicheles-MacBook-Pro:Box Sync micheleclaibourn$ pwd
/Users/micheleclaibourn/Box Sync
]0;~/Box SyncMicheles-MacBook-Pro:Box Sync micheleclaibourn$ cd "dataser[K[K[K[K[K[K[Kmpce[K/dataservices/phdplus/"
]0;~/Box Sync/mpc/dataservices/phdplusMicheles-MacBook-Pro:phdplus micheleclaibourn$ ls[K[Kls
dataprep.Rmd	gh-pages	linearmodel.Rmd	master
]0;~/Box Sync/mpc/dataservices/phdplusMicheles-MacBook-Pro:phdplus micheleclaibourn$ cd master
]0;~/Box Sync/mpc/dataservices/phdplus/masterMicheles-MacBook-Pro:master micheleclaibourn$ git status
On branch master
Your branch is up to date with 'origin/master'.

Changes not staged for commit:
  (use "git add <file>..." to update what will be committed)
  (use "git checkout -- <file>..." to discard changes in working directory)

	[31mmodified:   data/albemarle_homes.csv[m
	[31mmodified:   data/albemarle_homes.rds[m

no changes added to commit (use "git add" and/or "git commit -a")
]0;~/Box Sync/mpc/dataservices/phdplus/masterMicheles-MacBook-Pro:master micheleclaibourn$ git add -all[K[K[K-all
]0;~/Box Sync/mpc/dataservices/phdplus/masterMicheles-MacBook-Pro:master micheleclaibourn$ git commit -m "update data"
[master 8fcf647] update data
 2 files changed, 32747 insertions(+), 32747 deletions(-)
 rewrite data/albemarle_homes.csv (65%)
 rewrite data/albemarle_homes.rds (73%)
]0;~/Box Sync/mpc/dataservices/phdplus/masterMicheles-MacBook-Pro:master micheleclaibourn$ git push origin master
Counting objects: 5, done.
Delta compression using up to 4 threads.
Compressing objects:  20% (1/5)   Compressing objects:  40% (2/5)   Compressing objects:  60% (3/5)   Compressing objects:  80% (4/5)   Compressing objects: 100% (5/5)   Compressing objects: 100% (5/5), done.
Writing objects:  20% (1/5)   Writing objects:  40% (2/5)   Writing objects:  60% (3/5)   Writing objects:  80% (4/5)   Writing objects:  80% (4/5), 1.07 MiB | 45.00 KiB/s   Writing objects:  80% (4/5), 1.12 MiB | 46.00 KiB/s   Writing objects:  80% (4/5), 1.19 MiB | 47.00 KiB/s   Writing objects:  80% (4/5), 1.19 MiB | 45.00 KiB/s   Writing objects:  80% (4/5), 1.25 MiB | 46.00 KiB/s   Writing objects:  80% (4/5), 1.31 MiB | 44.00 KiB/s   Writing objects:  80% (4/5), 1.38 MiB | 44.00 KiB/s   Writing objects:  80% (4/5), 1.44 MiB | 44.00 KiB/s   Writing objects:  80% (4/5), 1.50 MiB | 44.00 KiB/s   Writing objects:  80% (4/5), 1.50 MiB | 36.00 KiB/s   Writing objects: 100% (5/5), 1.50 MiB | 36.00 KiB/s   Writing objects: 100% (5/5), 1.52 MiB | 43.00 KiB/s, done.
Total 5 (delta 2), reused 0 (delta 0)
remote: Resolving deltas:   0% (0/2)   [Kremote: Resolving deltas:  50% (1/2)   [Kremote: Resolving deltas: 100% (2/2)   [Kremote: Resolving deltas: 100% (2/2), completed with 2 local objects.[K
To https://github.com/uvastatlab/phdplus.git
   9695b39..8fcf647  master -> master
]0;~/Box Sync/mpc/dataservices/phdplus/masterMicheles-MacBook-Pro:master micheleclaibourn$ 